warning: /app/Cargo.toml: file `/app/agdk-eframe/src/lib.rs` found to be present in multiple build targets:
  * `lib` target `agdk_eframe`
  * `bin` target `agdk-eframe-bin`
    Updating crates.io index
error: failed to select a version for the requirement `libunwind = "^0.0.1"`
candidate versions found which didn't match: 1.3.3, 1.3.2
location searched: crates.io index
required by package `agdk-eframe v0.1.0 (/app)`
