   Compiling libffi-sys v2.3.0
   Compiling egui-wgpu v0.23.0
   Compiling glutin-winit v0.3.0
   Compiling egui_extras v0.23.0
   Compiling gstreamer-audio-sys v0.21.1
   Compiling tracing-futures v0.2.5
   Compiling structopt-derive v0.4.18
   Compiling egui_glow v0.23.0
   Compiling egui_plot v0.23.0
   Compiling uuid v1.18.1
   Compiling futures v0.3.31
   Compiling uuid v0.8.2
   Compiling is-terminal v0.4.16
   Compiling test-log-macros v0.2.18
   Compiling humantime v2.3.0
   Compiling pollster v0.3.0
   Compiling unicode_names2 v0.6.0
   Compiling egui_demo_lib v0.23.0
   Compiling eframe v0.23.0
   Compiling env_logger v0.10.2
   Compiling test-log v0.2.18
   Compiling tracing-actix-web v0.5.1
   Compiling tracing-actix v0.4.0
   Compiling auteur-controlling v0.1.0 (/home/user/rust-android-examples/agdk-eframe/src/application/common)
   Compiling structopt v0.3.26
   Compiling gstreamer-audio v0.21.3
warning: unused import: `uuid::Uuid`
 --> src/application/common/controller.rs:3:5
  |
3 | use uuid::Uuid;
  |     ^^^^^^^^^^
  |
  = note: `#[warn(unused_imports)]` on by default

warning: `auteur-controlling` (lib) generated 1 warning (run `cargo fix --lib -p auteur-controlling` to apply 1 suggestion)
   Compiling gstreamer-utils v0.21.2
   Compiling priority-queue v1.4.0
   Compiling gio v0.18.4
   Compiling anyhow v1.0.99
   Compiling actix-web-actors v4.3.1+deprecated
   Compiling tracing-appender v0.2.3
   Compiling tracing-error v0.2.1
   Compiling tracing-log v0.1.4
   Compiling libunwind v1.3.3
   Compiling pollster v0.2.5
   Compiling agdk-eframe v0.1.0 (/home/user/rust-android-examples/agdk-eframe)
warning: unused import: `std::env`
 --> src/lib.rs:5:5
  |
5 | use std::env;
  |     ^^^^^^^^
  |
  = note: `#[warn(unused_imports)]` on by default

warning: unused imports: `Deserialize` and `Serialize`
 --> src/domain/nodes/mixer.rs:1:13
  |
1 | use serde::{Deserialize, Serialize};
  |             ^^^^^^^^^^^  ^^^^^^^^^

warning: unused import: `State`
 --> src/domain/nodes/node.rs:5:78
  |
5 |     Command, CommandResult, ControlPoint, DestinationFamily, Info, NodeInfo, State,
  |                                                                              ^^^^^

warning: unused import: `error`
  --> src/domain/nodes/node.rs:13:22
   |
13 | use tracing::{debug, error, info, instrument, trace};
   |                      ^^^^^

warning: unused imports: `NativeOptions` and `Renderer`
 --> src/presentation/gui/mod.rs:2:14
  |
2 | use eframe::{NativeOptions, Renderer};
  |              ^^^^^^^^^^^^^  ^^^^^^^^

warning: unused imports: `Actor`, `Addr`, and `SystemService`
 --> src/presentation/api/server.rs:4:13
  |
4 | use actix::{Actor, Addr, SystemService};
  |             ^^^^^  ^^^^  ^^^^^^^^^^^^^

warning: unused imports: `HttpRequest`, `Responder`, and `error`
 --> src/presentation/api/server.rs:5:17
  |
5 | use actix_web::{error, web, App, HttpRequest, HttpResponse, HttpServer, Responder};
  |                 ^^^^^            ^^^^^^^^^^^                            ^^^^^^^^^

warning: unused import: `actix_web_actors::ws`
 --> src/presentation/api/server.rs:6:5
  |
6 | use actix_web_actors::ws;
  |     ^^^^^^^^^^^^^^^^^^^^

warning: unused import: `auteur_controlling::controller::Command`
 --> src/presentation/api/server.rs:8:5
  |
8 | use auteur_controlling::controller::Command;
  |     ^^^^^^^^^^^^^^^^^^^^^^^^^^^^^^^^^^^^^^^

warning: unused imports: `debug` and `error`
 --> src/presentation/api/server.rs:9:11
  |
9 | use log::{debug, error};
  |           ^^^^^  ^^^^^

warning: unused import: `Arc`
  --> src/presentation/api/server.rs:11:17
   |
11 | use std::sync::{Arc, Mutex};
   |                 ^^^

warning: unused import: `tracing`
  --> src/presentation/api/server.rs:12:5
   |
12 | use tracing;
   |     ^^^^^^^

warning: unused imports: `Node` and `self`
  --> src/presentation/api/server.rs:15:34
   |
15 | use crate::domain::nodes::node::{self, Node};
   |                                  ^^^^  ^^^^

warning: unused import: `error`
 --> src/shared/pipeline_manager.rs:2:22
  |
2 | use tracing::{debug, error, instrument, trace};
  |                      ^^^^^

warning: unused import: `Deserialize`
 --> src/shared/property_controller.rs:1:13
  |
1 | use serde::{Deserialize, Serialize};
  |             ^^^^^^^^^^^

warning: unused imports: `debug` and `error`
 --> src/shared/property_controller.rs:2:15
  |
2 | use tracing::{debug, error, instrument, trace};
  |               ^^^^^  ^^^^^

warning: unused import: `std::time::Duration`
 --> src/shared/schedulable.rs:5:5
  |
5 | use std::time::Duration;
  |     ^^^^^^^^^^^^^^^^^^^

warning: unused imports: `Deserialize` and `Serialize`
 --> src/shared/setting_controller.rs:1:13
  |
1 | use serde::{Deserialize, Serialize};
  |             ^^^^^^^^^^^  ^^^^^^^^^

warning: unused imports: `debug` and `error`
 --> src/shared/setting_controller.rs:2:15
  |
2 | use tracing::{debug, error, instrument, trace};
  |               ^^^^^  ^^^^^

warning: unused imports: `error`, `instrument`, and `trace`
 --> src/shared/stream_producer.rs:1:22
  |
1 | use tracing::{debug, error, instrument, trace};
  |                      ^^^^^  ^^^^^^^^^^  ^^^^^

warning: unused import: `gst::prelude::*`
  --> src/fallbackswitch/mod.rs:15:5
   |
15 | use gst::prelude::*;
   |     ^^^^^^^^^^^^^^^

warning: unused import: `gst::prelude::*`
  --> src/fallbackswitch/fallbacksrc/custom_source/imp.rs:12:5
   |
12 | use gst::prelude::*;
   |     ^^^^^^^^^^^^^^^

warning: unused import: `gst::prelude::*`
  --> src/fallbackswitch/fallbacksrc/imp.rs:11:5
   |
11 | use gst::prelude::*;
   |     ^^^^^^^^^^^^^^^

warning: unused import: `gst::ClockTime`
  --> src/fallbackswitch/fallbacksrc/imp.rs:13:5
   |
13 | use gst::ClockTime;
   |     ^^^^^^^^^^^^^^

warning: unexpected `cfg` condition value: `doc`
   --> src/fallbackswitch/fallbacksrc/imp.rs:722:19
    |
722 |             #[cfg(feature = "doc")]
    |                   ^^^^^^^^^^^^^^^ help: remove the condition
    |
    = note: no expected values for `feature`
    = help: consider adding `doc` as a feature in `Cargo.toml`
    = note: see <https://doc.rust-lang.org/nightly/rustc/check-cfg/cargo-specifics.html> for more information about checking conditional configuration
    = note: `#[warn(unexpected_cfgs)]` on by default

warning: unused import: `gst::prelude::*`
  --> src/fallbackswitch/fallbackswitch/imp.rs:12:5
   |
12 | use gst::prelude::*;
   |     ^^^^^^^^^^^^^^^

warning: unexpected `cfg` condition value: `v1_20`
   --> src/fallbackswitch/fallbackswitch/imp.rs:992:19
    |
992 |             #[cfg(feature = "v1_20")]
    |                   ^^^^^^^^^^^^^^^^^ help: remove the condition
    |
    = note: no expected values for `feature`
    = help: consider adding `v1_20` as a feature in `Cargo.toml`
    = note: see <https://doc.rust-lang.org/nightly/rustc/check-cfg/cargo-specifics.html> for more information about checking conditional configuration

warning: unexpected `cfg` condition value: `doc`
  --> src/fallbackswitch/fallbackswitch/mod.rs:31:11
   |
31 |     #[cfg(feature = "doc")]
   |           ^^^^^^^^^^^^^^^ help: remove the condition
   |
   = note: no expected values for `feature`
   = help: consider adding `doc` as a feature in `Cargo.toml`
   = note: see <https://doc.rust-lang.org/nightly/rustc/check-cfg/cargo-specifics.html> for more information about checking conditional configuration

error[E0599]: no method named `start` found for struct `nodes::source::Source` in the current scope
   --> src/application/services/node_service.rs:22:34
    |
22  |         let source_addr = source.start();
    |                                  ^^^^^
    |
   ::: /home/user/.cargo/registry/src/index.crates.io-1949cf8c6b5b557f/actix-0.13.5/src/actor.rs:122:8
    |
122 |     fn start(self) -> Addr<Self>
    |        ----- the method is available for `nodes::source::Source` here
    |
   ::: src/domain/nodes/source.rs:71:1
    |
71  | pub struct Source {
    | ----------------- method `start` not found for this struct
    |
    = help: items from traits can only be used if the trait is in scope
help: there is a method `started` with a similar name, but with different arguments
   --> /home/user/.cargo/registry/src/index.crates.io-1949cf8c6b5b557f/actix-0.13.5/src/actor.rs:80:5
    |
80  |     fn started(&mut self, ctx: &mut Self::Context) {}
    |     ^^^^^^^^^^^^^^^^^^^^^^^^^^^^^^^^^^^^^^^^^^^^^^
help: trait `Actor` which provides `start` is implemented but not in scope; perhaps you want to import it
    |
1   + use actix::Actor;
    |

error[E0061]: this function takes 0 arguments but 1 argument was supplied
   --> src/domain/nodes/destination.rs:125:24
    |
125 |         let pipeline = gst::Pipeline::new(Some(&format!("destination-pipeline-{}", id)));
    |                        ^^^^^^^^^^^^^^^^^^ --------------------------------------------- unexpected argument of type `std::option::Option<&std::string::String>`
    |
note: associated function defined here
   --> /home/user/.cargo/registry/src/index.crates.io-1949cf8c6b5b557f/gstreamer-0.21.3/src/pipeline.rs:14:12
    |
14  |     pub fn new() -> Pipeline {
    |            ^^^
help: remove the extra argument
    |
125 -         let pipeline = gst::Pipeline::new(Some(&format!("destination-pipeline-{}", id)));
125 +         let pipeline = gst::Pipeline::new();
    |

error[E0277]: the `?` operator can only be applied to values that implement `Try`
   --> src/domain/nodes/destination.rs:190:9
    |
190 |         mux.set_property("streamable", &true)?;
    |         ^^^^^^^^^^^^^^^^^^^^^^^^^^^^^^^^^^^^^^ the `?` operator cannot be applied to type `()`
    |
    = help: the trait `Try` is not implemented for `()`

error[E0277]: the `?` operator can only be applied to values that implement `Try`
   --> src/domain/nodes/destination.rs:191:9
    |
191 |         mux.set_property("latency", &1000000000u64)?;
    |         ^^^^^^^^^^^^^^^^^^^^^^^^^^^^^^^^^^^^^^^^^^^^ the `?` operator cannot be applied to type `()`
    |
    = help: the trait `Try` is not implemented for `()`

error[E0277]: the `?` operator can only be applied to values that implement `Try`
   --> src/domain/nodes/destination.rs:192:9
    |
192 | /         mux.set_property(
193 | |             "start-time-selection",
194 | |             gst_base::AggregatorStartTimeSelection::First,
195 | |         )?;
    | |__________^ the `?` operator cannot be applied to type `()`
    |
    = help: the trait `Try` is not implemented for `()`

error[E0277]: the `?` operator can only be applied to values that implement `Try`
   --> src/domain/nodes/destination.rs:216:17
    |
216 |                 venc.set_property("zerolatency", &true)?;
    |                 ^^^^^^^^^^^^^^^^^^^^^^^^^^^^^^^^^^^^^^^^ the `?` operator cannot be applied to type `()`
    |
    = help: the trait `Try` is not implemented for `()`

error[E0277]: the `?` operator can only be applied to values that implement `Try`
   --> src/domain/nodes/destination.rs:219:17
    |
219 |                 venc.set_property("key-int-max", &30u32)?;
    |                 ^^^^^^^^^^^^^^^^^^^^^^^^^^^^^^^^^^^^^^^^^ the `?` operator cannot be applied to type `()`
    |
    = help: the trait `Try` is not implemented for `()`

error[E0277]: the `?` operator can only be applied to values that implement `Try`
   --> src/domain/nodes/destination.rs:221:17
    |
221 |                 venc.set_property("gop-size", &30i32)?;
    |                 ^^^^^^^^^^^^^^^^^^^^^^^^^^^^^^^^^^^^^^ the `?` operator cannot be applied to type `()`
    |
    = help: the trait `Try` is not implemented for `()`

error[E0277]: the `?` operator can only be applied to values that implement `Try`
   --> src/domain/nodes/destination.rs:223:13
    |
223 |             vparse.set_property("config-interval", &-1i32)?;
    |             ^^^^^^^^^^^^^^^^^^^^^^^^^^^^^^^^^^^^^^^^^^^^^^^ the `?` operator cannot be applied to type `()`
    |
    = help: the trait `Try` is not implemented for `()`

error[E0277]: the `?` operator can only be applied to values that implement `Try`
   --> src/domain/nodes/destination.rs:310:9
    |
310 |         mux.set_property("alignment", &(7i32))?;
    |         ^^^^^^^^^^^^^^^^^^^^^^^^^^^^^^^^^^^^^^^ the `?` operator cannot be applied to type `()`
    |
    = help: the trait `Try` is not implemented for `()`

error[E0277]: the `?` operator can only be applied to values that implement `Try`
   --> src/domain/nodes/destination.rs:380:13
    |
380 | /             sink.set_property(
381 | |                 "max-size-time",
382 | |                 (max_size_time as u64) * gst::ClockTime::MSECOND,
383 | |             )?;
    | |______________^ the `?` operator cannot be applied to type `()`
    |
    = help: the trait `Try` is not implemented for `()`

error[E0277]: the `?` operator can only be applied to values that implement `Try`
   --> src/domain/nodes/destination.rs:384:13
    |
384 |             sink.set_property("use-robust-muxing", &true)?;
    |             ^^^^^^^^^^^^^^^^^^^^^^^^^^^^^^^^^^^^^^^^^^^^^^ the `?` operator cannot be applied to type `()`
    |
    = help: the trait `Try` is not implemented for `()`

error[E0277]: the `?` operator can only be applied to values that implement `Try`
   --> src/domain/nodes/destination.rs:386:13
    |
386 |             mux.set_property("reserved-moov-update-period", &gst::ClockTime::SECOND)?;
    |             ^^^^^^^^^^^^^^^^^^^^^^^^^^^^^^^^^^^^^^^^^^^^^^^^^^^^^^^^^^^^^^^^^^^^^^^^^ the `?` operator cannot be applied to type `()`
    |
    = help: the trait `Try` is not implemented for `()`

error[E0277]: the `?` operator can only be applied to values that implement `Try`
   --> src/domain/nodes/destination.rs:387:13
    |
387 |             sink.set_property("muxer", &mux)?;
    |             ^^^^^^^^^^^^^^^^^^^^^^^^^^^^^^^^^ the `?` operator cannot be applied to type `()`
    |
    = help: the trait `Try` is not implemented for `()`

error[E0277]: the `?` operator can only be applied to values that implement `Try`
   --> src/domain/nodes/destination.rs:389:13
    |
389 |             sink.set_property("location", &location)?;
    |             ^^^^^^^^^^^^^^^^^^^^^^^^^^^^^^^^^^^^^^^^^ the `?` operator cannot be applied to type `()`
    |
    = help: the trait `Try` is not implemented for `()`

error[E0277]: the `?` operator can only be applied to values that implement `Try`
   --> src/domain/nodes/destination.rs:392:13
    |
392 |             sink.set_property("location", &location)?;
    |             ^^^^^^^^^^^^^^^^^^^^^^^^^^^^^^^^^^^^^^^^^ the `?` operator cannot be applied to type `()`
    |
    = help: the trait `Try` is not implemented for `()`

error[E0061]: this function takes 0 arguments but 1 argument was supplied
   --> src/domain/nodes/mixer.rs:146:19
    |
146 |         let bin = gst::Bin::new(None);
    |                   ^^^^^^^^^^^^^ ---- unexpected argument of type `std::option::Option<_>`
    |
note: associated function defined here
   --> /home/user/.cargo/registry/src/index.crates.io-1949cf8c6b5b557f/gstreamer-0.21.3/src/bin.rs:21:12
    |
21  |     pub fn new() -> Bin {
    |            ^^^
help: remove the extra argument
    |
146 -         let bin = gst::Bin::new(None);
146 +         let bin = gst::Bin::new();
    |

error[E0061]: this function takes 1 argument but 2 arguments were supplied
   --> src/domain/nodes/mixer.rs:155:17
    |
155 |                 gst::GhostPad::with_target(Some("src"), &vsrc.static_pad("src").unwrap())
    |                 ^^^^^^^^^^^^^^^^^^^^^^^^^^ ----------- unexpected argument #1 of type `std::option::Option<&str>`
    |
note: associated function defined here
   --> /home/user/.cargo/registry/src/index.crates.io-1949cf8c6b5b557f/gstreamer-0.21.3/src/ghost_pad.rs:154:12
    |
154 |     pub fn with_target<P: IsA<Pad> + IsA<crate::Object>>(
    |            ^^^^^^^^^^^
help: remove the extra argument
    |
155 -                 gst::GhostPad::with_target(Some("src"), &vsrc.static_pad("src").unwrap())
155 +                 gst::GhostPad::with_target(&vsrc.static_pad("src").unwrap())
    |

error[E0061]: this function takes 1 argument but 2 arguments were supplied
   --> src/domain/nodes/mixer.rs:174:17
    |
174 |                 gst::GhostPad::with_target(Some("src"), &imagefreeze.static_pad("src").unwrap())
    |                 ^^^^^^^^^^^^^^^^^^^^^^^^^^ ----------- unexpected argument #1 of type `std::option::Option<&str>`
    |
note: associated function defined here
   --> /home/user/.cargo/registry/src/index.crates.io-1949cf8c6b5b557f/gstreamer-0.21.3/src/ghost_pad.rs:154:12
    |
154 |     pub fn with_target<P: IsA<Pad> + IsA<crate::Object>>(
    |            ^^^^^^^^^^^
help: remove the extra argument
    |
174 -                 gst::GhostPad::with_target(Some("src"), &imagefreeze.static_pad("src").unwrap())
174 +                 gst::GhostPad::with_target(&imagefreeze.static_pad("src").unwrap())
    |

error[E0061]: this method takes 0 arguments but 1 argument was supplied
   --> src/domain/nodes/mixer.rs:200:49
    |
200 |         for (id, mut controller) in controllers.drain(0..) {
    |                                                 ^^^^^ --- unexpected argument of type `std::ops::RangeFrom<{integer}>`
    |
note: method defined here
   --> /rustc/29483883eed69d5fb4db01964cdf2af4d86e9cb2/library/std/src/collections/hash/map.rs:647:12
help: remove the extra argument
    |
200 -         for (id, mut controller) in controllers.drain(0..) {
200 +         for (id, mut controller) in controllers.drain() {
    |

warning: use of deprecated method `gstreamer::CapsRef::set_simple`: Use `CapsRef::set()`
   --> src/domain/nodes/mixer.rs:208:37
    |
208 |                     caps.make_mut().set_simple(&[("width", &width)]);
    |                                     ^^^^^^^^^^
    |
    = note: `#[warn(deprecated)]` on by default

warning: use of deprecated method `gstreamer::CapsRef::set_simple`: Use `CapsRef::set()`
   --> src/domain/nodes/mixer.rs:212:37
    |
212 |                     caps.make_mut().set_simple(&[("height", &height)]);
    |                                     ^^^^^^^^^^

error[E0277]: the `?` operator can only be applied to values that implement `Try`
   --> src/domain/nodes/mixer.rs:313:9
    |
313 | /         self.output.mixer.set_property(
314 | |             "start-time-selection",
315 | |             &gst_base::AggregatorStartTimeSelection::First,
316 | |         )?;
    | |__________^ the `?` operator cannot be applied to type `()`
    |
    = help: the trait `Try` is not implemented for `()`

error[E0277]: the `?` operator can only be applied to values that implement `Try`
   --> src/domain/nodes/mixer.rs:317:9
    |
317 | /         self.output
318 | |             .mixer
319 | |             .set_property("ignore-inactive-pads", &true)?;
    | |_________________________________________________________^ the `?` operator cannot be applied to type `()`
    |
    = help: the trait `Try` is not implemented for `()`

error[E0277]: the `?` operator can only be applied to values that implement `Try`
   --> src/domain/nodes/mixer.rs:320:9
    |
320 | /         vcapsfilter.set_property(
321 | |             "caps",
322 | |             &gst::Caps::builder("video/x-raw")
323 | |                 .field("width", &width)
...   |
331 | |                 .build(),
332 | |         )?;
    | |__________^ the `?` operator cannot be applied to type `()`
    |
    = help: the trait `Try` is not implemented for `()`

error[E0277]: the `?` operator can only be used on `Result`s, not `Option`s, in a method that returns `Result`
   --> src/domain/nodes/mixer.rs:336:31
    |
299 | /     fn start(
300 | |         &mut self,
301 | |         pipeline: &gst::Pipeline,
302 | |         width: i32,
...   |
305 | |         timeout: i32,
306 | |     ) -> Result<(), Error> {
    | |__________________________- this function returns a `Result`
...
336 |               .static_pad("src")?
    |                                 ^ use `.ok_or(...)?` to provide an error compatible with `Result<(), anyhow::Error>`

error[E0277]: the `?` operator can only be applied to values that implement `Try`
   --> src/domain/nodes/mixer.rs:344:9
    |
344 |         base_plate_pad.set_property("alpha", &0.0f64)?;
    |         ^^^^^^^^^^^^^^^^^^^^^^^^^^^^^^^^^^^^^^^^^^^^^^ the `?` operator cannot be applied to type `()`
    |
    = help: the trait `Try` is not implemented for `()`

error[E0277]: the `?` operator can only be applied to values that implement `Try`
   --> src/domain/nodes/mixer.rs:345:9
    |
345 |         base_plate_pad.set_property("width", &width)?;
    |         ^^^^^^^^^^^^^^^^^^^^^^^^^^^^^^^^^^^^^^^^^^^^^ the `?` operator cannot be applied to type `()`
    |
    = help: the trait `Try` is not implemented for `()`

error[E0277]: the `?` operator can only be applied to values that implement `Try`
   --> src/domain/nodes/mixer.rs:346:9
    |
346 |         base_plate_pad.set_property("height", &height)?;
    |         ^^^^^^^^^^^^^^^^^^^^^^^^^^^^^^^^^^^^^^^^^^^^^^^ the `?` operator cannot be applied to type `()`
    |
    = help: the trait `Try` is not implemented for `()`

error[E0277]: the `?` operator can only be applied to values that implement `Try`
   --> src/domain/nodes/mixer.rs:347:9
    |
347 |         base_plate_pad.set_property_from_str("sizing-policy", "keep-aspect-ratio")?;
    |         ^^^^^^^^^^^^^^^^^^^^^^^^^^^^^^^^^^^^^^^^^^^^^^^^^^^^^^^^^^^^^^^^^^^^^^^^^^^ the `?` operator cannot be applied to type `()`
    |
    = help: the trait `Try` is not implemented for `()`

error[E0277]: the `?` operator can only be applied to values that implement `Try`
   --> src/domain/nodes/mixer.rs:354:9
    |
354 |         self.output.mixer.set_property("emit-signals", &true)?;
    |         ^^^^^^^^^^^^^^^^^^^^^^^^^^^^^^^^^^^^^^^^^^^^^^^^^^^^^^ the `?` operator cannot be applied to type `()`
    |
    = help: the trait `Try` is not implemented for `()`

error[E0277]: the `?` operator can only be applied to values that implement `Try`
   --> src/domain/nodes/mixer.rs:431:9
    |
431 |         asrc.set_property("is-live", &true)?;
    |         ^^^^^^^^^^^^^^^^^^^^^^^^^^^^^^^^^^^^ the `?` operator cannot be applied to type `()`
    |
    = help: the trait `Try` is not implemented for `()`

error[E0277]: the `?` operator can only be applied to values that implement `Try`
   --> src/domain/nodes/mixer.rs:432:9
    |
432 |         asrc.set_property("volume", &0.0f64)?;
    |         ^^^^^^^^^^^^^^^^^^^^^^^^^^^^^^^^^^^^^ the `?` operator cannot be applied to type `()`
    |
    = help: the trait `Try` is not implemented for `()`

error[E0277]: the `?` operator can only be applied to values that implement `Try`
   --> src/domain/nodes/mixer.rs:433:9
    |
433 | /         asrccapsfilter.set_property(
434 | |             "caps",
435 | |             &gst::Caps::builder("audio/x-raw")
436 | |                 .field("channels", &2i32)
...   |
439 | |                 .build(),
440 | |         )?;
    | |__________^ the `?` operator cannot be applied to type `()`
    |
    = help: the trait `Try` is not implemented for `()`

error[E0277]: the `?` operator can only be applied to values that implement `Try`
   --> src/domain/nodes/mixer.rs:441:9
    |
441 | /         acapsfilter.set_property(
442 | |             "caps",
443 | |             &gst::Caps::builder("audio/x-raw")
444 | |                 .field("channels", &2i32)
...   |
447 | |                 .build(),
448 | |         )?;
    | |__________^ the `?` operator cannot be applied to type `()`
    |
    = help: the trait `Try` is not implemented for `()`

error[E0277]: the `?` operator can only be applied to values that implement `Try`
   --> src/domain/nodes/mixer.rs:449:9
    |
449 | /         aresamplecapsfilter.set_property(
450 | |             "caps",
451 | |             &gst::Caps::builder("audio/x-raw")
452 | |                 .field("channels", &2i32)
...   |
455 | |                 .build(),
456 | |         )?;
    | |__________^ the `?` operator cannot be applied to type `()`
    |
    = help: the trait `Try` is not implemented for `()`

error[E0277]: the `?` operator can only be used on `Result`s, not `Option`s, in a method that returns `Result`
   --> src/domain/nodes/mixer.rs:470:31
    |
423 |     fn start(&mut self, pipeline: &gst::Pipeline, sample_rate: i32) -> Result<(), Error> {
    |     ------------------------------------------------------------------------------------ this function returns a `Result`
...
470 |             .static_pad("src")?
    |                               ^ use `.ok_or(...)?` to provide an error compatible with `Result<(), anyhow::Error>`

error[E0277]: the `?` operator can only be applied to values that implement `Try`
   --> src/domain/nodes/mixer.rs:483:9
    |
483 |         self.output.mixer.set_property("emit-signals", &true)?;
    |         ^^^^^^^^^^^^^^^^^^^^^^^^^^^^^^^^^^^^^^^^^^^^^^^^^^^^^^ the `?` operator cannot be applied to type `()`
    |
    = help: the trait `Try` is not implemented for `()`

error[E0061]: this function takes 0 arguments but 1 argument was supplied
   --> src/domain/nodes/mixer.rs:656:24
    |
656 |         let pipeline = gst::Pipeline::new(Some(&format!("mixer-pipeline-{}", id)));
    |                        ^^^^^^^^^^^^^^^^^^ --------------------------------------- unexpected argument of type `std::option::Option<&std::string::String>`
    |
note: associated function defined here
   --> /home/user/.cargo/registry/src/index.crates.io-1949cf8c6b5b557f/gstreamer-0.21.3/src/pipeline.rs:14:12
    |
14  |     pub fn new() -> Pipeline {
    |            ^^^
help: remove the extra argument
    |
656 -         let pipeline = gst::Pipeline::new(Some(&format!("mixer-pipeline-{}", id)));
656 +         let pipeline = gst::Pipeline::new();
    |

error[E0061]: this function takes 0 arguments but 1 argument was supplied
   --> src/domain/nodes/mixer.rs:740:23
    |
740 |             let bin = gst::Bin::new(None);
    |                       ^^^^^^^^^^^^^ ---- unexpected argument of type `std::option::Option<_>`
    |
note: associated function defined here
   --> /home/user/.cargo/registry/src/index.crates.io-1949cf8c6b5b557f/gstreamer-0.21.3/src/bin.rs:21:12
    |
21  |     pub fn new() -> Bin {
    |            ^^^
help: remove the extra argument
    |
740 -             let bin = gst::Bin::new(None);
740 +             let bin = gst::Bin::new();
    |

error[E0061]: this function takes 1 argument but 2 arguments were supplied
   --> src/domain/nodes/mixer.rs:747:17
    |
747 |                 gst::GhostPad::with_target(Some("src"), &queue.static_pad("src").unwrap()).unwrap();
    |                 ^^^^^^^^^^^^^^^^^^^^^^^^^^ ----------- unexpected argument #1 of type `std::option::Option<&str>`
    |
note: associated function defined here
   --> /home/user/.cargo/registry/src/index.crates.io-1949cf8c6b5b557f/gstreamer-0.21.3/src/ghost_pad.rs:154:12
    |
154 |     pub fn with_target<P: IsA<Pad> + IsA<crate::Object>>(
    |            ^^^^^^^^^^^
help: remove the extra argument
    |
747 -                 gst::GhostPad::with_target(Some("src"), &queue.static_pad("src").unwrap()).unwrap();
747 +                 gst::GhostPad::with_target(&queue.static_pad("src").unwrap()).unwrap();
    |

error[E0061]: this function takes 0 arguments but 1 argument was supplied
   --> src/domain/nodes/mixer.rs:756:23
    |
756 |             let bin = gst::Bin::new(None);
    |                       ^^^^^^^^^^^^^ ---- unexpected argument of type `std::option::Option<_>`
    |
note: associated function defined here
   --> /home/user/.cargo/registry/src/index.crates.io-1949cf8c6b5b557f/gstreamer-0.21.3/src/bin.rs:21:12
    |
21  |     pub fn new() -> Bin {
    |            ^^^
help: remove the extra argument
    |
756 -             let bin = gst::Bin::new(None);
756 +             let bin = gst::Bin::new();
    |

error[E0277]: the `?` operator can only be applied to values that implement `Try`
   --> src/domain/nodes/mixer.rs:762:13
    |
762 | /             capsfilter.set_property(
763 | |                 "caps",
764 | |                 &gst::Caps::builder("audio/x-raw")
765 | |                     .field("channels", &2i32)
...   |
768 | |                     .build(),
769 | |             )?;
    | |______________^ the `?` operator cannot be applied to type `()`
    |
    = help: the trait `Try` is not implemented for `()`

error[E0277]: the `?` operator can only be applied to values that implement `Try`
   --> src/domain/nodes/mixer.rs:773:13
    |
773 |             slot.pad.set_property("volume", &volume)?;
    |             ^^^^^^^^^^^^^^^^^^^^^^^^^^^^^^^^^^^^^^^^^ the `?` operator cannot be applied to type `()`
    |
    = help: the trait `Try` is not implemented for `()`

error[E0061]: this function takes 1 argument but 2 arguments were supplied
   --> src/domain/nodes/mixer.rs:776:17
    |
776 |                 gst::GhostPad::with_target(Some("src"), &queue.static_pad("src").unwrap()).unwrap();
    |                 ^^^^^^^^^^^^^^^^^^^^^^^^^^ ----------- unexpected argument #1 of type `std::option::Option<&str>`
    |
note: associated function defined here
   --> /home/user/.cargo/registry/src/index.crates.io-1949cf8c6b5b557f/gstreamer-0.21.3/src/ghost_pad.rs:154:12
    |
154 |     pub fn with_target<P: IsA<Pad> + IsA<crate::Object>>(
    |            ^^^^^^^^^^^
help: remove the extra argument
    |
776 -                 gst::GhostPad::with_target(Some("src"), &queue.static_pad("src").unwrap()).unwrap();
776 +                 gst::GhostPad::with_target(&queue.static_pad("src").unwrap()).unwrap();
    |

error[E0061]: this method takes 0 arguments but 1 argument was supplied
   --> src/domain/nodes/mixer.rs:799:49
    |
799 |         for (id, mut controller) in controllers.drain(0..) {
    |                                                 ^^^^^ --- unexpected argument of type `std::ops::RangeFrom<{integer}>`
    |
note: method defined here
   --> /rustc/29483883eed69d5fb4db01964cdf2af4d86e9cb2/library/std/src/collections/hash/map.rs:647:12
help: remove the extra argument
    |
799 -         for (id, mut controller) in controllers.drain(0..) {
799 +         for (id, mut controller) in controllers.drain() {
    |

error[E0308]: mismatched types
    --> src/domain/nodes/mixer.rs:1028:37
     |
1025 | ...                   PropertyController::new(
     |                       ----------------------- arguments to this function are incorrect
...
1028 | ...                       property.to_string(),
     |                           ^^^^^^^^^^^^^^^^^^^^ expected `&str`, found `String`
     |
note: associated function defined here
    --> src/shared/property_controller.rs:30:12
     |
30   |     pub fn new(controllee_id: &str, obj: gst::Object, propname: &str) -> Self {
     |            ^^^                                        --------------
help: try removing the method call
     |
1028 -                                     property.to_string(),
1028 +                                     property,
     |

error[E0308]: mismatched types
    --> src/domain/nodes/mixer.rs:1044:33
     |
1041 | ...                   PropertyController::new(
     |                       ----------------------- arguments to this function are incorrect
...
1044 | ...                       property.to_string(),
     |                           ^^^^^^^^^^^^^^^^^^^^ expected `&str`, found `String`
     |
note: associated function defined here
    --> src/shared/property_controller.rs:30:12
     |
30   |     pub fn new(controllee_id: &str, obj: gst::Object, propname: &str) -> Self {
     |            ^^^                                        --------------
help: try removing the method call
     |
1044 -                                 property.to_string(),
1044 +                                 property,
     |

error[E0308]: mismatched types
   --> src/domain/nodes/node.rs:812:35
    |
812 |         self.add_listener(msg.id, msg.recipient)
    |              ------------         ^^^^^^^^^^^^^ expected `WeakRecipient<NodeStatusMessage>`, found `Recipient<NodeStatusMessage>`
    |              |
    |              arguments to this method are incorrect
    |
    = note: expected struct `WeakRecipient<messages::NodeStatusMessage>`
               found struct `actix::Recipient<messages::NodeStatusMessage>`
note: method defined here
   --> src/domain/nodes/node.rs:654:8
    |
654 |     fn add_listener(
    |        ^^^^^^^^^^^^
...
657 |         recipient: WeakRecipient<NodeStatusMessage>,
    |         -------------------------------------------
help: call `Into::into` on this expression to convert `actix::Recipient<messages::NodeStatusMessage>` into `WeakRecipient<messages::NodeStatusMessage>`
    |
812 |         self.add_listener(msg.id, msg.recipient.into())
    |                                                +++++++

error[E0599]: no method named `nick` found for tuple `(EnumClass, &EnumValue)` in the current scope
   --> src/domain/nodes/source.rs:341:48
    |
341 |             trace!("Source status: {}", status.nick());
    |                                                ^^^^ method not found in `(EnumClass, &EnumValue)`

error[E0599]: no method named `nick` found for tuple `(EnumClass, &EnumValue)` in the current scope
   --> src/domain/nodes/source.rs:356:76
    |
356 |                 trace!("switch {} primary health: {}", switch_name, health.nick());
    |                                                                            ^^^^ method not found in `(EnumClass, &EnumValue)`

error[E0599]: no method named `nick` found for tuple `(EnumClass, &EnumValue)` in the current scope
   --> src/domain/nodes/source.rs:361:28
    |
361 |                     health.nick()
    |                            ^^^^ method not found in `(EnumClass, &EnumValue)`

warning: unused import: `Deserialize`
  --> src/domain/nodes/node.rs:11:13
   |
11 | use serde::{Deserialize, Serialize};
   |             ^^^^^^^^^^^

warning: unused import: `Serialize`
  --> src/domain/nodes/node.rs:11:26
   |
11 | use serde::{Deserialize, Serialize};
   |                          ^^^^^^^^^

warning: unused import: `gst::prelude`
  --> src/domain/nodes/node.rs:10:5
   |
10 | use gst::prelude::*;
   |     ^^^^^^^^^^^^

warning: unused import: `Serialize`
 --> src/shared/property_controller.rs:1:26
  |
1 | use serde::{Deserialize, Serialize};
  |                          ^^^^^^^^^

warning: unused import: `gst::prelude`
  --> src/shared/mod.rs:16:5
   |
16 | use gst::prelude::*;
   |     ^^^^^^^^^^^^

error[E0382]: borrow of moved value: `id`
   --> src/domain/nodes/source.rs:268:67
    |
196 |         let id = self.id.clone();
    |             -- move occurs because `id` has type `std::string::String`, which does not implement the `Copy` trait
197 |         src.connect_pad_added(move |_src, pad| {
    |                               ---------------- value moved into closure here
...
201 |                     id.clone(),
    |                     -- variable moved due to use in closure
...
268 |                 message: format!("Failed to start source {}: {}", id, err),
    |                                                                   ^^ value borrowed here after move
    |
    = note: this error originates in the macro `$crate::__export::format_args` which comes from the expansion of the macro `format` (in Nightly builds, run with -Z macro-backtrace for more info)

error[E0382]: use of moved value: `addr_clone`
   --> src/domain/nodes/source.rs:327:62
    |
322 |             let addr_clone = ctx.address();
    |                 ---------- move occurs because `addr_clone` has type `actix::Addr<nodes::source::Source>`, which does not implement the `Copy` trait
323 |             switch.connect("notify::primary-health", false, move |_args| {
    |                                                             ------------ value moved into closure here
324 |                 addr_clone.do_send(SourceStatusMessage);
    |                 ---------- variable moved due to use in closure
...
327 |             switch.connect("notify::fallback-health", false, move |_args| {
    |                                                              ^^^^^^^^^^^^ value used here after move
328 |                 addr_clone.do_send(SourceStatusMessage);
    |                 ---------- use occurs due to use in closure

warning: value assigned to `log_clone` is never read
  --> src/presentation/gui/mod.rs:89:37
   |
89 | ...                   log_clone = "Server started successfully".to_string();
   |                       ^^^^^^^^^
   |
   = help: maybe it is overwritten before being read?
   = note: `#[warn(unused_assignments)]` on by default

warning: unused variable: `log_clone`
  --> src/presentation/gui/mod.rs:89:37
   |
89 | ...                   log_clone = "Server started successfully".to_string();
   |                       ^^^^^^^^^
   |
   = help: did you mean to capture by reference instead?
   = note: `#[warn(unused_variables)]` on by default

warning: unused variable: `ui`
   --> src/presentation/gui/mod.rs:130:50
    |
130 |         egui::CentralPanel::default().show(ctx, |ui| {
    |                                                  ^^ help: if this is intentional, prefix it with an underscore: `_ui`

warning: variable does not need to be mutable
   --> src/fallbackswitch/fallbackswitch/imp.rs:988:17
    |
988 |             let mut builder = gst::event::Gap::builder(pts)
    |                 ----^^^^^^^
    |                 |
    |                 help: remove this `mut`
    |
    = note: `#[warn(unused_mut)]` on by default

Some errors have detailed explanations: E0061, E0277, E0308, E0382, E0599.
For more information about an error, try `rustc --explain E0061`.
warning: `agdk-eframe` (lib) generated 39 warnings
error: could not compile `agdk-eframe` (lib) due to 52 previous errors; 39 warnings emitted
